---
source: cswap/src/solver.rs
expression: "CVC4_Command_Builder::new().timeout(Duration::from_secs(3)).strings_exp().incremental().dump_all().check_unsat_cores().run_on(Path::new(\"test/2548.smt2\"))"
---
RSolve {
    was_timeout: false,
    was_segv: false,
    stdout: "unsat\n(\n(forall ((b Real)) (exists ((c Real)) (and (< c 4) (not (= c (- 2))) (not (= c 0)) (or (and (not (= (+ (* 8 b) (* 5 c)) 8)) (< (+ (* (- 80) b) (* (- 6) c)) 5)) (and (< (* (- 3) b) 1) (>= b 8))))))\n)\n",
    stderr: "",
    lines: [
        Unsat,
        Generic(
            "(",
        ),
        Generic(
            "(forall ((b Real)) (exists ((c Real)) (and (< c 4) (not (= c (- 2))) (not (= c 0)) (or (and (not (= (+ (* 8 b) (* 5 c)) 8)) (< (+ (* (- 80) b) (* (- 6) c)) 5)) (and (< (* (- 3) b) 1) (>= b 8))))))",
        ),
        Generic(
            ")",
        ),
    ],
    solver: CVC4(
        CVC4_Command_Builder {
            cmd: [
                "cvc4",
                "--tlimit",
                "3000",
                "--strings-exp",
                "--incremental",
                "--dump-models",
                "--dump-unsat-cores",
                "--dump-unsat-cores-full",
                "--check-unsat-cores",
            ],
            to: 3s,
        },
    ),
}
