---
source: cswap/src/transforms.rs
expression: "ba_script(&mut p, &mut Metadata::new_empty()).unwrap()"
---
(declare-const BAV1 Bool)
(declare-const BAV2 Bool)
(declare-const BAV3 Bool)
(declare-const BAV4 Bool)
(declare-const x Int)
(declare-const y Int)
(assert (= BAV1 (> x 3)))
(assert (= BAV2 (< y 7)))
(assert (= BAV3 (= y x)))
(assert (= BAV4 (distinct y x)))
(check-sat)
(get-model)

