---
source: cswap/src/transforms.rs
expression: "ba_script(&mut p, &mut Metadata::new_empty(), &Config::default()).unwrap()[0]"
---
(define-sort FP  () (_ FloatingPoint 11 53))
(declare-const BAV1 Bool)
(declare-const QUAL_PRE_REPLACE1 FP)
(declare-const BDOM1 Bool)
(assert (= BAV1 (fp.isInfinite (fp.sqrt RTN QUAL_PRE_REPLACE1))))
(assert (= BDOM1 BAV1))
(check-sat)
(get-model)

