---
source: cswap/src/ast.rs
expression: fpconst
---
Commands(
    [
        RefCell {
            value: Assert(
                RefCell {
                    value: Constant(
                        RefCell {
                            value: Fp(
                                Num(
                                    Bin(
                                        [
                                            '0',
                                        ],
                                    ),
                                    Hex(
                                        "81",
                                    ),
                                    Bin(
                                        [
                                            '0',
                                            '0',
                                            '1',
                                            '0',
                                            '1',
                                            '0',
                                            '0',
                                            '0',
                                            '0',
                                            '0',
                                            '0',
                                            '0',
                                            '1',
                                            '0',
                                            '0',
                                            '0',
                                            '1',
                                            '0',
                                            '0',
                                            '1',
                                            '0',
                                            '0',
                                            '0',
                                        ],
                                    ),
                                ),
                            ),
                        },
                    ),
                },
            ),
        },
    ],
)
