---
source: cswap/src/solver.rs
expression: "Z3_Command_Builder::new().timeout(Duration::from_secs(3)).ematching(false).flat_rw(false).run_on(Path::new(\"test/2548.smt2\"))"
---
RSolve {
    was_timeout: false,
    was_segv: false,
    stdout: "unsat\n",
    stderr: "",
    lines: [
        Unsat,
    ],
    solver: Z3(
        Z3_Command_Builder {
            cmd: [
                "z3",
                "model_validate=true",
                "-T:3",
                "smt.ematching=false",
                "rewriter.flat=false",
            ],
            to: 3s,
        },
    ),
}
