---
source: cswap/src/transforms.rs
expression: p
---
Commands(
    [
        RefCell {
            value: Assert(
                RefCell {
                    value: QForAll(
                        [
                            (
                                RefCell {
                                    value: Token(
                                        "x",
                                    ),
                                },
                                RefCell {
                                    value: Dec,
                                },
                            ),
                        ],
                        RefCell {
                            value: BExp(
                                RefCell {
                                    value: Equals,
                                },
                                [
                                    RefCell {
                                        value: Constant(
                                            RefCell {
                                                value: UInt(
                                                    "7",
                                                ),
                                            },
                                        ),
                                    },
                                    RefCell {
                                        value: Constant(
                                            RefCell {
                                                value: UInt(
                                                    "4",
                                                ),
                                            },
                                        ),
                                    },
                                ],
                            ),
                        },
                    ),
                },
            ),
        },
    ],
)
