---
source: cswap/src/parser.rs
expression: r
---
(
    "",
    Commands(
        [
            RefCell {
                value: Assert(
                    RefCell {
                        value: QExists(
                            [
                                (
                                    RefCell {
                                        value: Var(
                                            "ah",
                                        ),
                                    },
                                    RefCell {
                                        value: Dec,
                                    },
                                ),
                            ],
                            RefCell {
                                value: BExp(
                                    RefCell {
                                        value: Equals,
                                    },
                                    [
                                        RefCell {
                                            value: Symbol(
                                                RefCell {
                                                    value: Token(
                                                        "ah",
                                                    ),
                                                },
                                            ),
                                        },
                                        RefCell {
                                            value: Constant(
                                                RefCell {
                                                    value: UInt(
                                                        "4",
                                                    ),
                                                },
                                            ),
                                        },
                                    ],
                                ),
                            },
                        ),
                    },
                ),
            },
        ],
    ),
)
