---
source: cswap/src/solver.rs
expression: "r.extract_const_var_vals(&vec![\"GEN1\" . to_owned (), \"GEN2\" . to_owned (),\n                               \"BAV3\" . to_owned ()])"
---
[
    (
        Token(
            "GEN1",
        ),
        NExp(
            Sub,
            [
                RefCell {
                    value: Constant(
                        RefCell {
                            value: Dec(
                                "1.0",
                            ),
                        },
                    ),
                },
            ],
        ),
    ),
    (
        Token(
            "BAV3",
        ),
        Symbol(
            RefCell {
                value: Token(
                    "true",
                ),
            },
        ),
    ),
    (
        Token(
            "GEN2",
        ),
        Constant(
            RefCell {
                value: Dec(
                    "0.0",
                ),
            },
        ),
    ),
]
