---
source: cswap/src/fuzzer.rs
expression: script
---
(declare-const GEN1 Int)
(declare-const GEN2 Int)
(declare-fun z () Real)
(declare-const BAV1 Bool)
(declare-const BDOM1 Bool)
(declare-const BDOM2 Bool)
(declare-const BDOM3 Bool)
(declare-const BDOM4 Bool)
(declare-const INTER_CMON1 Bool)
(declare-const INTER_CMON2 Bool)
(declare-const INTER_CMON3 Bool)
(assert (= BAV1 (= GEN1 (+ z GEN2))))
(assert (= BDOM1 BAV1))
(assert (= (= z 0) BDOM2))
(assert (= (< z 0) BDOM3))
(assert (= (> z 0) BDOM4))
(assert (= INTER_CMON1 (= GEN1 GEN2)))
(assert (= INTER_CMON2 (< GEN1 GEN2)))
(assert (= INTER_CMON3 (> GEN1 GEN2)))
(check-sat)
(get-model)

