---
source: cswap/src/parser.rs
expression: model(response)
---
Ok(
    (
        "",
        [
            (
                Token(
                    "s",
                ),
                [],
                Str,
                Constant(
                    RefCell {
                        value: Str(
                            "j",
                        ),
                    },
                ),
            ),
        ],
    ),
)
