---
source: cswap/src/solver.rs
expression: "Z3_Command_Builder::new().timeout(Duration::from_secs(3)).ematching(false).flat_rw(false).threads3().z3str3().cmd"
---
[
    "timeout",
    "-v",
    "3s",
    "z3",
    "model_validate=true",
    "smt.ematching=false",
    "rewriter.flat=false",
    "smt.threads=3",
    "smt.string_solver=z3str3",
]
