---
source: cswap/src/parser.rs
expression: "define_func(\"(define-fun foo ((a Real) (b String)) Int 7)\")"
---
Ok(
    (
        "",
        DefineFun(
            Token(
                "foo",
            ),
            [
                (
                    RefCell {
                        value: Token(
                            "a",
                        ),
                    },
                    RefCell {
                        value: Dec,
                    },
                ),
                (
                    RefCell {
                        value: Token(
                            "b",
                        ),
                    },
                    RefCell {
                        value: UserDef(
                            "String",
                        ),
                    },
                ),
            ],
            UInt,
            RefCell {
                value: Constant(
                    RefCell {
                        value: UInt(
                            "7",
                        ),
                    },
                ),
            },
        ),
    ),
)
