---
source: cswap/src/parser.rs
expression: df
---
Ok(
    (
        "",
        (
            "declare-datatype",
            [
                [
                    "NodeMobile ",
                ],
                [
                    "(",
                    "(",
                    "Rnode",
                    ")",
                    ")",
                ],
            ],
        ),
    ),
)
