---
source: cswap/src/parser.rs
expression: z3o(response)
---
Ok(
    (
        "",
        [
            Sat,
            Model(
                [
                    (
                        Token(
                            "b",
                        ),
                        [],
                        UInt,
                        Constant(
                            RefCell {
                                value: UInt(
                                    "0",
                                ),
                            },
                        ),
                    ),
                    (
                        Token(
                            "a",
                        ),
                        [],
                        UInt,
                        Constant(
                            RefCell {
                                value: UInt(
                                    "1",
                                ),
                            },
                        ),
                    ),
                    (
                        Token(
                            "e",
                        ),
                        [],
                        Dec,
                        Constant(
                            RefCell {
                                value: Dec(
                                    "1.0",
                                ),
                            },
                        ),
                    ),
                    (
                        Token(
                            "GEN1",
                        ),
                        [],
                        Dec,
                        NExp(
                            Sub,
                            [
                                RefCell {
                                    value: Constant(
                                        RefCell {
                                            value: Dec(
                                                "1.0",
                                            ),
                                        },
                                    ),
                                },
                            ],
                        ),
                    ),
                    (
                        Token(
                            "BAV5",
                        ),
                        [],
                        Bool,
                        Symbol(
                            RefCell {
                                value: Token(
                                    "true",
                                ),
                            },
                        ),
                    ),
                    (
                        Token(
                            "BAV4",
                        ),
                        [],
                        Bool,
                        Symbol(
                            RefCell {
                                value: Token(
                                    "true",
                                ),
                            },
                        ),
                    ),
                    (
                        Token(
                            "BAV3",
                        ),
                        [],
                        Bool,
                        Symbol(
                            RefCell {
                                value: Token(
                                    "true",
                                ),
                            },
                        ),
                    ),
                    (
                        Token(
                            "c",
                        ),
                        [],
                        UInt,
                        Constant(
                            RefCell {
                                value: UInt(
                                    "0",
                                ),
                            },
                        ),
                    ),
                    (
                        Token(
                            "GEN2",
                        ),
                        [],
                        Dec,
                        Constant(
                            RefCell {
                                value: Dec(
                                    "0.0",
                                ),
                            },
                        ),
                    ),
                    (
                        Token(
                            "d",
                        ),
                        [],
                        Dec,
                        Constant(
                            RefCell {
                                value: Dec(
                                    "0.0",
                                ),
                            },
                        ),
                    ),
                ],
            ),
        ],
    ),
)
