---
source: cswap/src/fuzzer.rs
expression: script
---
(declare-const GEN1 Int)
(declare-const GEN2 Int)
(declare-const GEN3 Int)
(declare-const BAV1 Real)
(declare-const BAV2 Bool)
(declare-const BDOM1 Bool)
(declare-const BDOM2 Bool)
(declare-const BDOM3 Bool)
(declare-const BDOM4 Bool)
(assert (= BAV1 (+ GEN2 GEN3)))
(assert (= BAV2 (= GEN1 (+ GEN2 GEN3))))
(assert (= (= BAV1 0) BDOM1))
(assert (= (< BAV1 0) BDOM2))
(assert (= (> BAV1 0) BDOM3))
(assert (= BDOM4 BAV2))
(check-sat)
(get-model)

