---
source: cswap/src/transforms.rs
expression: grab_all_decls(&p)
---
[
    RefCell {
        value: DeclConst(
            "x",
            RefCell {
                value: UInt,
            },
        ),
    },
    RefCell {
        value: DeclFn(
            Token(
                "z",
            ),
            [],
            UserDef(
                "Bool",
            ),
        ),
    },
    RefCell {
        value: DeclConst(
            "y",
            RefCell {
                value: Dec,
            },
        ),
    },
]
