---
source: src/solver.rs
expression: "r.extract_const_var_vals(vec![\"GEN1\", \"GEN2\", \"BAV3\"])"
---
[
    (
        Token(
            "GEN1",
        ),
        Compound(
            [
                RefCell {
                    value: Symbol(
                        RefCell {
                            value: Token(
                                "-",
                            ),
                        },
                    ),
                },
                RefCell {
                    value: Constant(
                        RefCell {
                            value: Dec(
                                "1.0",
                            ),
                        },
                    ),
                },
            ],
        ),
    ),
    (
        Token(
            "BAV3",
        ),
        Symbol(
            RefCell {
                value: Token(
                    "true",
                ),
            },
        ),
    ),
    (
        Token(
            "GEN2",
        ),
        Constant(
            RefCell {
                value: Dec(
                    "0.0",
                ),
            },
        ),
    ),
]
